.\venv\Scripts\python.exe : 
2026-01-22 21:39:17.189627: 
I tensorflow/core/util/port.
cc:113] oneDNN custom 
operations are on. You may 
see slightly different 
numerical results due to 
floating-point round-off 
errors from different 
computation orders. To turn 
them off, set the 
environment variable 
`TF_ENABLE_ONEDNN_OPTS=0`.
At line:1 char:1
+ .\venv\Scripts\python.exe 
test_mp.py > 
test_output.txt 2>&1
+ ~~~~~~~~~~~~~~~~~~~~~~~~~~
~~~~~~~~~~~~~~~~~~~~~~~~~~~~
~~~~~
    + CategoryInfo          
    : NotSpecified: (2026-  
  01-22 21:3...ONEDNN_OPT   
 S=0`.:String) [], Remot    
eException
    + FullyQualifiedErrorId 
    : NativeCommandError
 
WARNING:tensorflow:From D:\p
rojectthehead\classroom_insi
ght_ai\venv\lib\site-package
s\keras\src\losses.py:2976: 
The name tf.losses.sparse_so
ftmax_cross_entropy is 
deprecated. Please use tf.co
mpat.v1.losses.sparse_softma
x_cross_entropy instead.

MediaPipe version: 0.10.31
Error: module 'mediapipe' has no attribute 'solutions'
MediaPipe members: ['Image', 'ImageFormat', '__builtins__', '__cached__', '__doc__', '__file__', '__loader__', '__name__', '__package__', '__path__', '__spec__', '__version__', 'tasks']
